###############################################################################
#
# IAR ELF Linker V8.11.1.13263/W32 for ARM                15/May/2020  17:40:41
# Copyright 2007-2017 IAR Systems AB.
#
#    Output file  =  
#        E:\Code_Workspace\IAR_STM32_F4_ZGT6\EWARM\F4_ZGT6\Exe\F4_ZGT6.out
#    Map file     =  
#        E:\Code_Workspace\IAR_STM32_F4_ZGT6\EWARM\F4_ZGT6\List\F4_ZGT6.map
#    Command line =  
#        -f C:\Users\ADMINI~1\AppData\Local\Temp\EW51D0.tmp
#        (E:\Code_Workspace\IAR_STM32_F4_ZGT6\EWARM\F4_ZGT6\Obj\delay.o
#        E:\Code_Workspace\IAR_STM32_F4_ZGT6\EWARM\F4_ZGT6\Obj\dma.o
#        E:\Code_Workspace\IAR_STM32_F4_ZGT6\EWARM\F4_ZGT6\Obj\gpio.o
#        E:\Code_Workspace\IAR_STM32_F4_ZGT6\EWARM\F4_ZGT6\Obj\iwdg.o
#        E:\Code_Workspace\IAR_STM32_F4_ZGT6\EWARM\F4_ZGT6\Obj\main.o
#        E:\Code_Workspace\IAR_STM32_F4_ZGT6\EWARM\F4_ZGT6\Obj\spi.o
#        E:\Code_Workspace\IAR_STM32_F4_ZGT6\EWARM\F4_ZGT6\Obj\startup_stm32f407xx.o
#        E:\Code_Workspace\IAR_STM32_F4_ZGT6\EWARM\F4_ZGT6\Obj\stm32f4xx_hal.o
#        E:\Code_Workspace\IAR_STM32_F4_ZGT6\EWARM\F4_ZGT6\Obj\stm32f4xx_hal_cortex.o
#        E:\Code_Workspace\IAR_STM32_F4_ZGT6\EWARM\F4_ZGT6\Obj\stm32f4xx_hal_dma.o
#        E:\Code_Workspace\IAR_STM32_F4_ZGT6\EWARM\F4_ZGT6\Obj\stm32f4xx_hal_dma_ex.o
#        E:\Code_Workspace\IAR_STM32_F4_ZGT6\EWARM\F4_ZGT6\Obj\stm32f4xx_hal_exti.o
#        E:\Code_Workspace\IAR_STM32_F4_ZGT6\EWARM\F4_ZGT6\Obj\stm32f4xx_hal_flash.o
#        E:\Code_Workspace\IAR_STM32_F4_ZGT6\EWARM\F4_ZGT6\Obj\stm32f4xx_hal_flash_ex.o
#        E:\Code_Workspace\IAR_STM32_F4_ZGT6\EWARM\F4_ZGT6\Obj\stm32f4xx_hal_flash_ramfunc.o
#        E:\Code_Workspace\IAR_STM32_F4_ZGT6\EWARM\F4_ZGT6\Obj\stm32f4xx_hal_gpio.o
#        E:\Code_Workspace\IAR_STM32_F4_ZGT6\EWARM\F4_ZGT6\Obj\stm32f4xx_hal_iwdg.o
#        E:\Code_Workspace\IAR_STM32_F4_ZGT6\EWARM\F4_ZGT6\Obj\stm32f4xx_hal_msp.o
#        E:\Code_Workspace\IAR_STM32_F4_ZGT6\EWARM\F4_ZGT6\Obj\stm32f4xx_hal_pwr.o
#        E:\Code_Workspace\IAR_STM32_F4_ZGT6\EWARM\F4_ZGT6\Obj\stm32f4xx_hal_pwr_ex.o
#        E:\Code_Workspace\IAR_STM32_F4_ZGT6\EWARM\F4_ZGT6\Obj\stm32f4xx_hal_rcc.o
#        E:\Code_Workspace\IAR_STM32_F4_ZGT6\EWARM\F4_ZGT6\Obj\stm32f4xx_hal_rcc_ex.o
#        E:\Code_Workspace\IAR_STM32_F4_ZGT6\EWARM\F4_ZGT6\Obj\stm32f4xx_hal_spi.o
#        E:\Code_Workspace\IAR_STM32_F4_ZGT6\EWARM\F4_ZGT6\Obj\stm32f4xx_hal_tim.o
#        E:\Code_Workspace\IAR_STM32_F4_ZGT6\EWARM\F4_ZGT6\Obj\stm32f4xx_hal_tim_ex.o
#        E:\Code_Workspace\IAR_STM32_F4_ZGT6\EWARM\F4_ZGT6\Obj\stm32f4xx_hal_uart.o
#        E:\Code_Workspace\IAR_STM32_F4_ZGT6\EWARM\F4_ZGT6\Obj\stm32f4xx_it.o
#        E:\Code_Workspace\IAR_STM32_F4_ZGT6\EWARM\F4_ZGT6\Obj\system_stm32f4xx.o
#        E:\Code_Workspace\IAR_STM32_F4_ZGT6\EWARM\F4_ZGT6\Obj\tim.o
#        E:\Code_Workspace\IAR_STM32_F4_ZGT6\EWARM\F4_ZGT6\Obj\usart.o -o
#        E:\Code_Workspace\IAR_STM32_F4_ZGT6\EWARM\F4_ZGT6\Exe\F4_ZGT6.out
#        --map
#        E:\Code_Workspace\IAR_STM32_F4_ZGT6\EWARM\F4_ZGT6\List\F4_ZGT6.map
#        --config
#        E:\Code_Workspace\IAR_STM32_F4_ZGT6\EWARM\stm32f407xx_flash.icf
#        --semihosting --entry __iar_program_start --vfe --utf8_text_in
#        --text_out utf8)
#
###############################################################################

*******************************************************************************
*** RUNTIME MODEL ATTRIBUTES
***

CppFlavor       = *
__SystemLibrary = DLib
__dlib_version  = 6


*******************************************************************************
*** HEAP SELECTION
***

The basic heap was selected because no calls to memory allocation
functions were found in the application outside of system library
functions, and there are calls to deallocation functions in the
application.


*******************************************************************************
*** PLACEMENT SUMMARY
***

"A0":  place at 0x08000000 { ro section .intvec };
"P1":  place in [from 0x08000000 to 0x080fffff] { ro };
"P2":  place in [from 0x20000000 to 0x2001ffff] { rw, block CSTACK, block HEAP };
initialize by copy { rw };

  Section            Kind        Address    Size  Object
  -------            ----        -------    ----  ------
"A0":                                      0x188
  .intvec            ro code  0x08000000   0x188  startup_stm32f407xx.o [1]
                            - 0x08000188   0x188

"P1":                                     0x2718
  .text              ro code  0x08000188   0x73c  stm32f4xx_hal_uart.o [1]
  .text              ro code  0x080008c4   0x19c  usart.o [1]
  .text              ro code  0x08000a60   0x3f4  stm32f4xx_hal_dma.o [1]
  .text              ro code  0x08000e54     0x2  stm32f4xx_hal_uart.o [1]
  .text              ro code  0x08000e56     0x2  stm32f4xx_hal_uart.o [1]
  .text              ro code  0x08000e58   0x15a  main.o [1]
  .text              ro code  0x08000fb4   0x23c  stm32f4xx_hal_rcc.o [1]
  .text              ro code  0x080011f0    0xee  I64DivMod.o [4]
  .text              ro code  0x080012e0     0x6  ABImemclr4.o [4]
  .text              ro code  0x080012e8   0x254  stm32f4xx_hal_gpio.o [1]
  .text              ro code  0x0800153c   0x14c  stm32f4xx_hal_cortex.o [1]
  .text              ro code  0x08001688     0xc  stm32f4xx_hal.o [1]
  .text              ro code  0x08001694    0x40  stm32f4xx_hal.o [1]
  .text              ro code  0x080016d4   0x124  gpio.o [1]
  .text              ro code  0x080017f8    0x44  dma.o [1]
  .text              ro code  0x0800183c    0xe4  tim.o [1]
  .text              ro code  0x08001920    0xe0  spi.o [1]
  .text              ro code  0x08001a00    0x30  iwdg.o [1]
  .text              ro code  0x08001a30   0x43a  stm32f4xx_hal_tim.o [1]
  .text              ro code  0x08001e6c    0x6c  delay.o [1]
  .text              ro code  0x08001ed8    0x36  strlen.o [4]
  .text              ro code  0x08001f0e    0x5e  stm32f4xx_hal_iwdg.o [1]
  .text              ro code  0x08001f6c   0x40c  stm32f4xx_hal_rcc.o [1]
  .text              ro code  0x08002378    0x4c  stm32f4xx_hal.o [1]
  .text              ro code  0x080023c4     0x2  I64DivZer.o [4]
  .text              ro code  0x080023c8    0x32  ABImemset48.o [4]
  .text              ro code  0x080023fc    0x48  stm32f4xx_hal_msp.o [1]
  .text              ro code  0x08002444    0xb0  stm32f4xx_hal_tim_ex.o [1]
  .text              ro code  0x080024f4    0x8e  stm32f4xx_hal_spi.o [1]
  .text              ro code  0x08002582     0x2  stm32f4xx_hal_tim.o [1]
  .text              ro code  0x08002584     0x2  stm32f4xx_hal_tim.o [1]
  .text              ro code  0x08002586     0x2  stm32f4xx_hal_tim.o [1]
  .text              ro code  0x08002588     0x2  stm32f4xx_hal_tim_ex.o [1]
  .text              ro code  0x0800258a     0x2  stm32f4xx_hal_tim.o [1]
  .text              ro code  0x0800258c     0x2  stm32f4xx_hal_tim_ex.o [1]
  .text              ro code  0x08002590    0x50  stm32f4xx_it.o [1]
  .text              ro code  0x080025e0    0x18  stm32f4xx_hal.o [1]
  .text              ro code  0x080025f8    0x40  zero_init3.o [4]
  .text              ro code  0x08002638    0x2c  copy_init3.o [4]
  .text              ro code  0x08002664    0x28  data_init.o [4]
  Initializer bytes  const    0x0800268c    0x24  <for P2-1>
  .iar.init_table    const    0x080026b0    0x24  - Linker created -
  .text              ro code  0x080026d4    0x1a  cmain.o [4]
  .text              ro code  0x080026ee     0x4  low_level_init.o [3]
  .text              ro code  0x080026f2     0x4  exit.o [3]
  .text              ro code  0x080026f8     0xa  cexit.o [4]
  .text              ro code  0x08002704    0x14  exit.o [5]
  .rodata            const    0x08002718    0x10  system_stm32f4xx.o [1]
  .text              ro code  0x08002728    0x10  startup_stm32f407xx.o [1]
  .text              ro code  0x08002738    0x10  system_stm32f4xx.o [1]
  .text              ro code  0x08002748     0xc  cstartup_M.o [4]
  .rodata            const    0x08002754     0x8  stm32f4xx_hal_dma.o [1]
  .rodata            const    0x0800275c     0x8  system_stm32f4xx.o [1]
  .rodata            const    0x08002764     0x8  tim.o [1]
  .text              ro code  0x0800276c     0x4  startup_stm32f407xx.o [1]
  .text              ro code  0x08002770     0x4  startup_stm32f407xx.o [1]
  .text              ro code  0x08002774     0x4  startup_stm32f407xx.o [1]
  .text              ro code  0x08002778     0x4  startup_stm32f407xx.o [1]
  .text              ro code  0x0800277c     0x4  startup_stm32f407xx.o [1]
  .text              ro code  0x08002780     0x4  startup_stm32f407xx.o [1]
  .text              ro code  0x08002784     0x4  startup_stm32f407xx.o [1]
  .text              ro code  0x08002788     0x4  startup_stm32f407xx.o [1]
  .text              ro code  0x0800278c     0x4  startup_stm32f407xx.o [1]
  .text              ro code  0x08002790     0x4  startup_stm32f407xx.o [1]
  .text              ro code  0x08002794     0x4  startup_stm32f407xx.o [1]
  .text              ro code  0x08002798     0x4  startup_stm32f407xx.o [1]
  .text              ro code  0x0800279c     0x4  startup_stm32f407xx.o [1]
  .text              ro code  0x080027a0     0x4  startup_stm32f407xx.o [1]
  .text              ro code  0x080027a4     0x4  startup_stm32f407xx.o [1]
  .text              ro code  0x080027a8     0x4  startup_stm32f407xx.o [1]
  .text              ro code  0x080027ac     0x4  startup_stm32f407xx.o [1]
  .text              ro code  0x080027b0     0x4  startup_stm32f407xx.o [1]
  .text              ro code  0x080027b4     0x4  startup_stm32f407xx.o [1]
  .text              ro code  0x080027b8     0x4  startup_stm32f407xx.o [1]
  .text              ro code  0x080027bc     0x4  startup_stm32f407xx.o [1]
  .text              ro code  0x080027c0     0x4  startup_stm32f407xx.o [1]
  .text              ro code  0x080027c4     0x4  startup_stm32f407xx.o [1]
  .text              ro code  0x080027c8     0x4  startup_stm32f407xx.o [1]
  .text              ro code  0x080027cc     0x4  startup_stm32f407xx.o [1]
  .text              ro code  0x080027d0     0x4  startup_stm32f407xx.o [1]
  .text              ro code  0x080027d4     0x4  startup_stm32f407xx.o [1]
  .text              ro code  0x080027d8     0x4  startup_stm32f407xx.o [1]
  .text              ro code  0x080027dc     0x4  startup_stm32f407xx.o [1]
  .text              ro code  0x080027e0     0x4  startup_stm32f407xx.o [1]
  .text              ro code  0x080027e4     0x4  startup_stm32f407xx.o [1]
  .text              ro code  0x080027e8     0x4  startup_stm32f407xx.o [1]
  .text              ro code  0x080027ec     0x4  startup_stm32f407xx.o [1]
  .text              ro code  0x080027f0     0x4  startup_stm32f407xx.o [1]
  .text              ro code  0x080027f4     0x4  startup_stm32f407xx.o [1]
  .text              ro code  0x080027f8     0x4  startup_stm32f407xx.o [1]
  .text              ro code  0x080027fc     0x4  startup_stm32f407xx.o [1]
  .text              ro code  0x08002800     0x4  startup_stm32f407xx.o [1]
  .text              ro code  0x08002804     0x4  startup_stm32f407xx.o [1]
  .text              ro code  0x08002808     0x4  startup_stm32f407xx.o [1]
  .text              ro code  0x0800280c     0x4  startup_stm32f407xx.o [1]
  .text              ro code  0x08002810     0x4  startup_stm32f407xx.o [1]
  .text              ro code  0x08002814     0x4  startup_stm32f407xx.o [1]
  .text              ro code  0x08002818     0x4  startup_stm32f407xx.o [1]
  .text              ro code  0x0800281c     0x4  startup_stm32f407xx.o [1]
  .text              ro code  0x08002820     0x4  startup_stm32f407xx.o [1]
  .text              ro code  0x08002824     0x4  startup_stm32f407xx.o [1]
  .text              ro code  0x08002828     0x4  startup_stm32f407xx.o [1]
  .text              ro code  0x0800282c     0x4  startup_stm32f407xx.o [1]
  .text              ro code  0x08002830     0x4  startup_stm32f407xx.o [1]
  .text              ro code  0x08002834     0x4  startup_stm32f407xx.o [1]
  .text              ro code  0x08002838     0x4  startup_stm32f407xx.o [1]
  .text              ro code  0x0800283c     0x4  startup_stm32f407xx.o [1]
  .text              ro code  0x08002840     0x4  startup_stm32f407xx.o [1]
  .text              ro code  0x08002844     0x4  startup_stm32f407xx.o [1]
  .text              ro code  0x08002848     0x4  startup_stm32f407xx.o [1]
  .text              ro code  0x0800284c     0x4  startup_stm32f407xx.o [1]
  .text              ro code  0x08002850     0x4  startup_stm32f407xx.o [1]
  .text              ro code  0x08002854     0x4  startup_stm32f407xx.o [1]
  .text              ro code  0x08002858     0x4  startup_stm32f407xx.o [1]
  .text              ro code  0x0800285c     0x4  startup_stm32f407xx.o [1]
  .text              ro code  0x08002860     0x4  startup_stm32f407xx.o [1]
  .text              ro code  0x08002864     0x4  startup_stm32f407xx.o [1]
  .text              ro code  0x08002868     0x4  startup_stm32f407xx.o [1]
  .text              ro code  0x0800286c     0x4  startup_stm32f407xx.o [1]
  .text              ro code  0x08002870     0x4  startup_stm32f407xx.o [1]
  .text              ro code  0x08002874     0x4  startup_stm32f407xx.o [1]
  .text              ro code  0x08002878     0x4  startup_stm32f407xx.o [1]
  .text              ro code  0x0800287c     0x4  startup_stm32f407xx.o [1]
  .text              ro code  0x08002880     0x4  startup_stm32f407xx.o [1]
  .text              ro code  0x08002884     0x4  startup_stm32f407xx.o [1]
  .text              ro code  0x08002888     0x4  startup_stm32f407xx.o [1]
  .text              ro code  0x0800288c     0x4  startup_stm32f407xx.o [1]
  .text              ro code  0x08002890     0x4  startup_stm32f407xx.o [1]
  .text              ro code  0x08002894     0x4  startup_stm32f407xx.o [1]
  .text              ro code  0x08002898     0x4  startup_stm32f407xx.o [1]
  .text              ro code  0x0800289c     0x4  startup_stm32f407xx.o [1]
  .rodata            const    0x080028a0     0x0  zero_init3.o [4]
  .rodata            const    0x080028a0     0x0  copy_init3.o [4]
                            - 0x080028a0  0x2718

"P2", part 1 of 3:                          0x24
  P2-1                        0x20000000    0x21  <Init block>
    .data            inited   0x20000000     0x4  stm32f4xx_hal.o [1]
    .data            inited   0x20000004     0x4  system_stm32f4xx.o [1]
    .data            inited   0x20000008    0x18  usart.o [1]
    .data            inited   0x20000020     0x1  stm32f4xx_hal.o [1]
                            - 0x20000021    0x21

"P2", part 2 of 3:                         0x400
  CSTACK                      0x20000028   0x400  <Block>
    CSTACK           uninit   0x20000028   0x400  <Block tail>
                            - 0x20000428   0x400

"P2", part 3 of 3:                         0x1c0
  .bss               zero     0x20000428    0x60  usart.o [1]
  .bss               zero     0x20000488    0x60  usart.o [1]
  .bss               zero     0x200004e8    0x58  spi.o [1]
  .bss               zero     0x20000540    0x40  tim.o [1]
  .bss               zero     0x20000580    0x40  usart.o [1]
  .bss               zero     0x200005c0    0x10  usart.o [1]
  .bss               zero     0x200005d0     0xc  iwdg.o [1]
  .bss               zero     0x200005dc     0x4  delay.o [1]
  .bss               zero     0x200005e0     0x4  stm32f4xx_hal.o [1]
  .bss               zero     0x200005e4     0x1  main.o [1]
                            - 0x200005e5   0x1bd


*******************************************************************************
*** INIT TABLE
***

          Address     Size
          -------     ----
Zero (__iar_zero_init3)
    1 destination range, total size 0x1bd:
          0x20000428  0x1bd

Copy (__iar_copy_init3)
    1 source range, total size 0x24 (109% of destination):
          0x0800268c   0x24
    1 destination range, total size 0x21:
          0x20000000   0x21



*******************************************************************************
*** MODULE SUMMARY
***

    Module                  ro code  ro data  rw data
    ------                  -------  -------  -------
E:\Code_Workspace\IAR_STM32_F4_ZGT6\EWARM\F4_ZGT6\Obj: [1]
    delay.o                     108                 4
    dma.o                        68
    gpio.o                      292
    iwdg.o                       48                12
    main.o                      346                 1
    spi.o                       224                88
    startup_stm32f407xx.o       716
    stm32f4xx_hal.o             176        5        9
    stm32f4xx_hal_cortex.o      332
    stm32f4xx_hal_dma.o       1 012        8
    stm32f4xx_hal_gpio.o        596
    stm32f4xx_hal_iwdg.o         94
    stm32f4xx_hal_msp.o          72
    stm32f4xx_hal_rcc.o       1 608
    stm32f4xx_hal_spi.o         142
    stm32f4xx_hal_tim.o       1 090
    stm32f4xx_hal_tim_ex.o      180
    stm32f4xx_hal_uart.o      1 856
    stm32f4xx_it.o               80
    system_stm32f4xx.o           16       28        4
    tim.o                       228        8       64
    usart.o                     412       24      296
    -------------------------------------------------
    Total:                    9 696       73      478

command line: [2]
    -------------------------------------------------
    Total:

dl7M_tlf.a: [3]
    exit.o                        4
    low_level_init.o              4
    -------------------------------------------------
    Total:                        8

rt7M_tl.a: [4]
    ABImemclr4.o                  6
    ABImemset48.o                50
    I64DivMod.o                 238
    I64DivZer.o                   2
    cexit.o                      10
    cmain.o                      26
    copy_init3.o                 44
    cstartup_M.o                 12
    data_init.o                  40
    strlen.o                     54
    zero_init3.o                 64
    -------------------------------------------------
    Total:                      546

shb_l.a: [5]
    exit.o                       20
    -------------------------------------------------
    Total:                       20

    Gaps                         18
    Linker created                        39    1 024
-----------------------------------------------------
    Grand Total:             10 288      112    1 502


*******************************************************************************
*** ENTRY LIST
***

Entry                      Address   Size  Type      Object
-----                      -------   ----  ----      ------
.iar.init_table$$Base   0x080026b0          --   Gb  - Linker created -
.iar.init_table$$Limit  0x080026d4          --   Gb  - Linker created -
?main                   0x080026d5         Code  Gb  cmain.o [4]
AHBPrescTable           0x08002718   0x10  Data  Gb  system_stm32f4xx.o [1]
APBPrescTable           0x0800275c    0x8  Data  Gb  system_stm32f4xx.o [1]
BusFault_Handler        0x08002597    0x2  Code  Gb  stm32f4xx_it.o [1]
CSTACK$$Base            0x20000028          --   Gb  - Linker created -
CSTACK$$Limit           0x20000428          --   Gb  - Linker created -
DMA2_Stream2_IRQHandler
                        0x080025bd    0xa  Code  Gb  stm32f4xx_it.o [1]
DMA2_Stream7_IRQHandler
                        0x080025c7    0xa  Code  Gb  stm32f4xx_it.o [1]
DMA_CalcBaseAndBitshift
                        0x08000d79   0x30  Code  Lc  stm32f4xx_hal_dma.o [1]
DMA_CalcBaseAndBitshift::flagBitshiftOffset
                        0x08002754    0x8  Data  Lc  stm32f4xx_hal_dma.o [1]
DMA_CheckFifoParam      0x08000db9   0x9c  Code  Lc  stm32f4xx_hal_dma.o [1]
DebugMon_Handler        0x0800259d    0x2  Code  Gb  stm32f4xx_it.o [1]
Error_Handler           0x08000fb1    0x2  Code  Gb  main.o [1]
HAL_DMA_Abort_IT        0x08000b47   0x28  Code  Gb  stm32f4xx_hal_dma.o [1]
HAL_DMA_IRQHandler      0x08000b6f  0x20a  Code  Gb  stm32f4xx_hal_dma.o [1]
HAL_DMA_Init            0x08000a61   0xe6  Code  Gb  stm32f4xx_hal_dma.o [1]
HAL_GPIO_Init           0x080012e9  0x1ec  Code  Gb  stm32f4xx_hal_gpio.o [1]
HAL_GPIO_TogglePin      0x080014e9   0x1a  Code  Gb  stm32f4xx_hal_gpio.o [1]
HAL_GPIO_WritePin       0x080014d5   0x14  Code  Gb  stm32f4xx_hal_gpio.o [1]
HAL_GetTick             0x08001689    0xc  Code  Wk  stm32f4xx_hal.o [1]
HAL_IWDG_Init           0x08001f0f   0x50  Code  Gb  stm32f4xx_hal_iwdg.o [1]
HAL_IWDG_Refresh        0x08001f5f    0xe  Code  Gb  stm32f4xx_hal_iwdg.o [1]
HAL_IncTick             0x080025e1   0x18  Code  Wk  stm32f4xx_hal.o [1]
HAL_Init                0x08001695   0x3a  Code  Gb  stm32f4xx_hal.o [1]
HAL_InitTick            0x08002379   0x4c  Code  Wk  stm32f4xx_hal.o [1]
HAL_MspInit             0x080023fd   0x48  Code  Gb  stm32f4xx_hal_msp.o [1]
HAL_NVIC_EnableIRQ      0x08001653    0xe  Code  Gb  stm32f4xx_hal_cortex.o [1]
HAL_NVIC_SetPriority    0x0800162d   0x26  Code  Gb  stm32f4xx_hal_cortex.o [1]
HAL_NVIC_SetPriorityGrouping
                        0x08001621    0xc  Code  Gb  stm32f4xx_hal_cortex.o [1]
HAL_RCC_ClockConfig     0x08000fb5  0x14c  Code  Gb  stm32f4xx_hal_rcc.o [1]
HAL_RCC_GetHCLKFreq     0x08001101    0x6  Code  Gb  stm32f4xx_hal_rcc.o [1]
HAL_RCC_GetPCLK1Freq    0x08001107   0x16  Code  Gb  stm32f4xx_hal_rcc.o [1]
HAL_RCC_GetPCLK2Freq    0x0800111d   0x16  Code  Gb  stm32f4xx_hal_rcc.o [1]
HAL_RCC_OscConfig       0x08001f6d  0x40c  Code  Wk  stm32f4xx_hal_rcc.o [1]
HAL_SPI_Init            0x080024f5   0x8e  Code  Gb  stm32f4xx_hal_spi.o [1]
HAL_SPI_MspInit         0x0800197f   0x6e  Code  Gb  spi.o [1]
HAL_SYSTICK_Config      0x08001661    0x8  Code  Gb  stm32f4xx_hal_cortex.o [1]
HAL_TIMEx_BreakCallback
                        0x08002589    0x2  Code  Wk  stm32f4xx_hal_tim_ex.o [1]
HAL_TIMEx_CommutCallback
                        0x0800258d    0x2  Code  Wk  stm32f4xx_hal_tim_ex.o [1]
HAL_TIMEx_MasterConfigSynchronization
                        0x08002445   0x92  Code  Gb  stm32f4xx_hal_tim_ex.o [1]
HAL_TIM_Base_Init       0x08001a31   0x38  Code  Gb  stm32f4xx_hal_tim.o [1]
HAL_TIM_Base_MspInit    0x080018bb   0x3c  Code  Gb  tim.o [1]
HAL_TIM_Base_Start_IT   0x08001a69   0x2c  Code  Gb  stm32f4xx_hal_tim.o [1]
HAL_TIM_ConfigClockSource
                        0x08001c0b   0xee  Code  Gb  stm32f4xx_hal_tim.o [1]
HAL_TIM_IRQHandler      0x08001a95  0x176  Code  Gb  stm32f4xx_hal_tim.o [1]
HAL_TIM_PeriodElapsedCallback
                        0x080018f7   0x16  Code  Gb  tim.o [1]
HAL_UART_IRQHandler     0x080002c7  0x152  Code  Gb  stm32f4xx_hal_uart.o [1]
HAL_UART_Init           0x08000189   0x76  Code  Gb  stm32f4xx_hal_uart.o [1]
HAL_UART_MspInit        0x08000909  0x132  Code  Gb  usart.o [1]
HAL_UART_Receive_IT     0x08000257   0x70  Code  Gb  stm32f4xx_hal_uart.o [1]
HAL_UART_RxCpltCallback
                        0x08000f71   0x1a  Code  Gb  main.o [1]
HAL_UART_Transmit_IT    0x080001ff   0x58  Code  Gb  stm32f4xx_hal_uart.o [1]
HardFault_Handler       0x08002593    0x2  Code  Gb  stm32f4xx_it.o [1]
MX_DMA_Init             0x080017f9   0x44  Code  Gb  dma.o [1]
MX_GPIO_Init            0x080016d5  0x124  Code  Gb  gpio.o [1]
MX_IWDG_Init            0x08001a01   0x30  Code  Gb  iwdg.o [1]
MX_SPI1_Init            0x08001921   0x5e  Code  Gb  spi.o [1]
MX_TIM3_Init            0x0800183d   0x7e  Code  Gb  tim.o [1]
MX_USART1_UART_Init     0x080008c5   0x44  Code  Gb  usart.o [1]
MemManage_Handler       0x08002595    0x2  Code  Gb  stm32f4xx_it.o [1]
NMI_Handler             0x08002591    0x2  Code  Gb  stm32f4xx_it.o [1]
NVIC_EncodePriority     0x080015af   0x42  Code  Lc  stm32f4xx_hal_cortex.o [1]
PendSV_Handler          0x0800259f    0x2  Code  Gb  stm32f4xx_it.o [1]
Region$$Table$$Base     0x080026b0          --   Gb  - Linker created -
Region$$Table$$Limit    0x080026d4          --   Gb  - Linker created -
SVC_Handler             0x0800259b    0x2  Code  Gb  stm32f4xx_it.o [1]
SysTick_Config          0x080015f1   0x30  Code  Lc  stm32f4xx_hal_cortex.o [1]
SysTick_Handler         0x080025a1    0x8  Code  Gb  stm32f4xx_it.o [1]
SystemClock_Config      0x08000ec1   0xb0  Code  Gb  main.o [1]
SystemCoreClock         0x20000004    0x4  Data  Gb  system_stm32f4xx.o [1]
SystemInit              0x08002739    0xa  Code  Gb  system_stm32f4xx.o [1]
TIM3_IRQHandler         0x080025a9    0xa  Code  Gb  stm32f4xx_it.o [1]
TIM_Base_SetConfig      0x08001cf9   0xc8  Code  Gb  stm32f4xx_hal_tim.o [1]
TIM_ETR_SetConfig       0x08001e51   0x1a  Code  Gb  stm32f4xx_hal_tim.o [1]
TIM_ITRx_SetConfig      0x08001e3f   0x12  Code  Lc  stm32f4xx_hal_tim.o [1]
TIM_TI1_ConfigInputStage
                        0x08001ded   0x28  Code  Lc  stm32f4xx_hal_tim.o [1]
TIM_TI2_ConfigInputStage
                        0x08001e15   0x2a  Code  Lc  stm32f4xx_hal_tim.o [1]
UART_DMAAbortOnError    0x0800043d   0x16  Code  Lc  stm32f4xx_hal_uart.o [1]
UART_EndRxTransfer      0x08000419   0x20  Code  Lc  stm32f4xx_hal_uart.o [1]
UART_EndTransmit_IT     0x080004c3   0x20  Code  Lc  stm32f4xx_hal_uart.o [1]
UART_Receive_IT         0x080004e3   0xae  Code  Lc  stm32f4xx_hal_uart.o [1]
UART_SetConfig          0x08000591  0x326  Code  Lc  stm32f4xx_hal_uart.o [1]
UART_Transmit_IT        0x08000455   0x6e  Code  Lc  stm32f4xx_hal_uart.o [1]
USART1_IRQHandler       0x080025b3    0xa  Code  Gb  stm32f4xx_it.o [1]
UsageFault_Handler      0x08002599    0x2  Code  Gb  stm32f4xx_it.o [1]
__NVIC_EnableIRQ        0x0800156d   0x1c  Code  Lc  stm32f4xx_hal_cortex.o [1]
__NVIC_GetPriorityGrouping
                        0x08001561    0xc  Code  Lc  stm32f4xx_hal_cortex.o [1]
__NVIC_SetPriority      0x08001589   0x26  Code  Lc  stm32f4xx_hal_cortex.o [1]
__NVIC_SetPriorityGrouping
                        0x0800153d   0x24  Code  Lc  stm32f4xx_hal_cortex.o [1]
__aeabi_ldiv0           0x080023c5         Code  Gb  I64DivZer.o [4]
__aeabi_memclr4         0x080012e1         Code  Gb  ABImemclr4.o [4]
__aeabi_uldivmod        0x080011f1         Code  Gb  I64DivMod.o [4]
__cmain                 0x080026d5         Code  Gb  cmain.o [4]
__exit                  0x08002705   0x14  Code  Gb  exit.o [5]
__iar_Memset4_word      0x080023c9         Code  Gb  ABImemset48.o [4]
__iar_Memset8_word      0x080023c9         Code  Gb  ABImemset48.o [4]
__iar_copy_init3        0x08002639   0x2c  Code  Gb  copy_init3.o [4]
__iar_data_init3        0x08002665   0x28  Code  Gb  data_init.o [4]
__iar_program_start     0x08002749         Code  Gb  cstartup_M.o [4]
__iar_systems$$module {Abs}
                        0x00000001         Data  Gb  command line/config [2]
__iar_zero_init3        0x080025f9   0x40  Code  Gb  zero_init3.o [4]
__low_level_init        0x080026ef    0x4  Code  Gb  low_level_init.o [3]
__vector_table          0x08000000         Data  Gb  startup_stm32f407xx.o [1]
_call_main              0x080026e1         Code  Gb  cmain.o [4]
_exit                   0x080026f9         Code  Gb  cexit.o [4]
_main                   0x080026eb         Code  Gb  cmain.o [4]
delay_init              0x08001e6d    0x8  Code  Gb  delay.o [1]
delay_ms                0x08001ebd   0x1c  Code  Gb  delay.o [1]
delay_us                0x08001e75   0x3c  Code  Gb  delay.o [1]
exit                    0x080026f3    0x4  Code  Gb  exit.o [3]
fac_us                  0x200005dc    0x4  Data  Lc  delay.o [1]
hdma_usart1_rx          0x20000488   0x60  Data  Gb  usart.o [1]
hdma_usart1_tx          0x20000428   0x60  Data  Gb  usart.o [1]
hello                   0x20000008   0x18  Data  Gb  usart.o [1]
hiwdg                   0x200005d0    0xc  Data  Gb  iwdg.o [1]
hspi1                   0x200004e8   0x58  Data  Gb  spi.o [1]
htim3                   0x20000540   0x40  Data  Gb  tim.o [1]
huart1                  0x20000580   0x40  Data  Gb  usart.o [1]
main                    0x08000e59   0x68  Code  Gb  main.o [1]
number                  0x200005e4    0x1  Data  Gb  main.o [1]
recv_buf                0x200005c0   0x10  Data  Gb  usart.o [1]
strlen                  0x08001ed9         Code  Gb  strlen.o [4]
uwTick                  0x200005e0    0x4  Data  Gb  stm32f4xx_hal.o [1]
uwTickFreq              0x20000020    0x1  Data  Gb  stm32f4xx_hal.o [1]
uwTickPrio              0x20000000    0x4  Data  Gb  stm32f4xx_hal.o [1]


[1] = E:\Code_Workspace\IAR_STM32_F4_ZGT6\EWARM\F4_ZGT6\Obj
[2] = command line
[3] = dl7M_tlf.a
[4] = rt7M_tl.a
[5] = shb_l.a

  10 288 bytes of readonly  code memory
     112 bytes of readonly  data memory
   1 502 bytes of readwrite data memory

Errors: none
Warnings: none
